// Jest Snapshot v1, https://goo.gl/fbAQLP

exports[`renders correctly 1`] = `
<input
  className="searchInput"
  onBlur={[Function]}
  onChange={[Function]}
  onKeyDown={[Function]}
  placeholder="Search"
  type="text"
/>
`;
