// Jest Snapshot v1, https://goo.gl/fbAQLP

exports[`App renders correctly 1`] = `
<div
  className="gridContainer"
>
  <div
    className="imageContainer"
    onClick={[Function]}
  >
    <img
      className="imageControl"
      src={
        Object {
          "ReactComponent": Object {
            "$$typeof": Symbol(react.forward_ref),
            "render": [Function],
          },
          "__esModule": true,
          "default": "play.svg",
        }
      }
    />
    <img
      className="gifImage"
      height={10}
      src="test/still"
      style={
        Object {
          "backgroundColor": "pink",
        }
      }
      width={10}
    />
  </div>
</div>
`;
